// Jest Snapshot v1, https://goo.gl/fbAQLP

exports[`should dashboard component run 1`] = `<dashboardPage />`;
