// Jest Snapshot v1, https://goo.gl/fbAQLP

exports[`should expense list render 1`] = `
<div>
  <ExpensesListItem
    amount={195}
    createdAt={0}
    description="Gum"
    id="1"
    key="1"
    note=""
  />
  <ExpensesListItem
    amount={109500}
    createdAt={-345600000}
    description="Debit card"
    id="2"
    key="2"
    note=""
  />
  <ExpensesListItem
    amount={4500}
    createdAt={345600000}
    description="Rent"
    id="3"
    key="3"
    note=""
  />
</div>
`;

exports[`should expense list render 2 1`] = `
<div>
  <p>
    No expenses
  </p>
</div>
`;
