// Jest Snapshot v1, https://goo.gl/fbAQLP

exports[`should header run 1`] = `
<header>
  <h1>
    Expensify
  </h1>
  <NavLink
    activeClassName="is-active"
    exact={true}
    to="/"
  >
    Dashboard
  </NavLink>
  <NavLink
    activeClassName="is-active"
    to="/Add"
  >
    Add-Expence
  </NavLink>
  <NavLink
    activeClassName="is-active"
    to="/help"
  >
    Help
  </NavLink>
  <button
    onClick={[Function]}
  >
    Log out
  </button>
</header>
`;
