// Jest Snapshot v1, https://goo.gl/fbAQLP

exports[`should not found component run 1`] = `
<div>
  404! - 
  <Link
    to="/"
  >
    Go home
  </Link>
</div>
`;
